---
source: ziplinter/src/main.rs
expression: result
---
{
  "comment": "",
  "directory_headers": [
    {
      "comment": "",
      "compressed_size": 0,
      "crc32": 0,
      "creator_version": {
        "host_system": "Unix",
        "version": 30
      },
      "disk_nbr_start": 0,
      "external_attrs": 2175008768,
      "extra": "UT\u0005\u0000\u0003ç╧\u0000Zux\u000b\u0000\u0001\u0004Φ\u0003\u0000\u0000\u0004Φ\u0003\u0000\u0000",
      "flags": 2048,
      "header_offset": 0,
      "internal_attrs": 0,
      "method": "Store",
      "modified": {
        "date": 19302,
        "time": 26926
      },
      "name": "Σ╕ûτòî",
      "reader_version": {
        "host_system": "MsDos",
        "version": 10
      },
      "uncompressed_size": 0
    }
  ],
  "encoding": "Utf8",
  "entries": [
    {
      "accessed": null,
      "comment": "",
      "compressed_size": 0,
      "crc32": 0,
      "created": null,
      "flags": 2048,
      "gid": 1000,
      "header_offset": 0,
      "method": "Store",
      "mode": 420,
      "modified": "2017-11-06T21:09:27Z",
      "name": "世界",
      "reader_version": {
        "host_system": "MsDos",
        "version": 10
      },
      "uid": 1000,
      "uncompressed_size": 0
    }
  ],
  "eocd": {
    "dir": {
      "inner": {
        "comment": [],
        "dir_disk_nbr": 0,
        "dir_records_this_disk": 1,
        "directory_offset": 64,
        "directory_records": 1,
        "directory_size": 76,
        "disk_nbr": 0
      },
      "offset": 140
    },
    "dir64": null,
    "global_offset": 0
  },
  "size": 162
}
