---
source: ziplinter/src/main.rs
expression: result
---
{
  "comment": "",
  "directory_headers": [
    {
      "comment": "",
      "compressed_size": 24,
      "crc32": 2732840659,
      "creator_version": {
        "host_system": "MsDos",
        "version": 20
      },
      "disk_nbr_start": 0,
      "external_attrs": 0,
      "extra": "",
      "flags": 8,
      "header_offset": 0,
      "internal_attrs": 0,
      "method": "Deflate",
      "modified": {
        "date": 15938,
        "time": 26826
      },
      "name": "filename",
      "reader_version": {
        "host_system": "MsDos",
        "version": 20
      },
      "uncompressed_size": 25
    }
  ],
  "encoding": "Utf8",
  "entries": [
    {
      "accessed": null,
      "comment": "",
      "compressed_size": 24,
      "crc32": 2732840659,
      "created": null,
      "flags": 8,
      "gid": null,
      "header_offset": 0,
      "method": "Deflate",
      "mode": 438,
      "modified": "2011-02-02T13:06:20Z",
      "name": "filename",
      "reader_version": {
        "host_system": "MsDos",
        "version": 20
      },
      "uid": null,
      "uncompressed_size": 25
    }
  ],
  "eocd": {
    "dir": {
      "inner": {
        "comment": [],
        "dir_disk_nbr": 0,
        "dir_records_this_disk": 1,
        "directory_offset": 78,
        "directory_records": 1,
        "directory_size": 54,
        "disk_nbr": 0
      },
      "offset": 132
    },
    "dir64": null,
    "global_offset": 0
  },
  "size": 154
}
