---
source: ziplinter/src/main.rs
expression: result
---
{
  "comment": "",
  "contents": [
    {
      "central": {
        "comment": "",
        "compressed_size": 0,
        "crc32": 0,
        "creator_version": {
          "host_system": "MsDos",
          "version": 63
        },
        "disk_nbr_start": 0,
        "external_attrs": 128,
        "extra": [
          10,
          0,
          32,
          0,
          0,
          0,
          0,
          0,
          1,
          0,
          24,
          0,
          97,
          202,
          235,
          135,
          67,
          87,
          211,
          1,
          111,
          187,
          240,
          222,
          67,
          87,
          211,
          1,
          97,
          202,
          235,
          135,
          67,
          87,
          211,
          1
        ],
        "flags": 2048,
        "header_offset": 0,
        "internal_attrs": 0,
        "method": "Store",
        "mode": 438,
        "modified": "2017-11-06T21:09:27.867862500Z",
        "name": "世界",
        "reader_version": {
          "host_system": "MsDos",
          "version": 10
        },
        "uncompressed_size": 0
      },
      "local": {
        "accessed": null,
        "compressed_size": 0,
        "crc32": 0,
        "created": null,
        "extra": [],
        "flags": 2048,
        "gid": null,
        "header_offset": 0,
        "method": "Store",
        "method_specific": "None",
        "mode": 0,
        "modified": "2017-11-06T13:09:28Z",
        "name": "Σ╕ûτòî",
        "reader_version": {
          "host_system": "MsDos",
          "version": 10
        },
        "uid": null,
        "uncompressed_size": 0
      }
    }
  ],
  "encoding": "Utf8",
  "eocd": {
    "dir": {
      "inner": {
        "dir_disk_nbr": 0,
        "dir_records_this_disk": 1,
        "directory_offset": 36,
        "directory_records": 1,
        "directory_size": 88,
        "disk_nbr": 0
      },
      "offset": 124
    },
    "dir64": null,
    "global_offset": 0
  },
  "parsed_ranges": [
    {
      "contains": "end of central directory record",
      "end": 146,
      "start": 124
    },
    {
      "contains": "central directory header",
      "end": 124,
      "filename": "世界",
      "start": 36
    },
    {
      "contains": "local file header",
      "end": 36,
      "filename": "世界",
      "start": 0
    },
    {
      "contains": "file data",
      "end": 36,
      "filename": "世界",
      "start": 36
    }
  ],
  "size": 146
}
