---
source: ziplinter/src/main.rs
expression: result
---
{
  "comment": "",
  "directory_headers": [
    {
      "comment": "",
      "compressed_size": 10,
      "crc32": 0,
      "creator_version": {
        "host_system": "Unix",
        "version": 20
      },
      "disk_nbr_start": 0,
      "external_attrs": 2176188416,
      "extra": "UT\u0005\u0000\u0001\u0000Θ&]",
      "flags": 8,
      "header_offset": 0,
      "internal_attrs": 0,
      "method": "Deflate",
      "modified": {
        "date": 20203,
        "time": 15778
      },
      "name": "should-be-jis/ot_ë^û╜é╠âÅâïâc╚é╝é╚é╝Å¼é│é╚èyé╡é▌ùVé╤é▄.longboi",
      "reader_version": {
        "host_system": "MsDos",
        "version": 20
      },
      "uncompressed_size": 0
    },
    {
      "comment": "",
      "compressed_size": 0,
      "crc32": 0,
      "creator_version": {
        "host_system": "Unix",
        "version": 20
      },
      "disk_nbr_start": 0,
      "external_attrs": 1107230736,
      "extra": [
        85,
        84,
        5,
        0,
        1,
        0,
        233,
        38,
        93
      ],
      "flags": 8,
      "header_offset": 127,
      "internal_attrs": 0,
      "method": "Store",
      "modified": {
        "date": 20203,
        "time": 15778
      },
      "name": "should-be-jis/",
      "reader_version": {
        "host_system": "MsDos",
        "version": 20
      },
      "uncompressed_size": 0
    }
  ],
  "encoding": "ShiftJis",
  "entries": [
    {
      "accessed": null,
      "comment": "",
      "compressed_size": 10,
      "crc32": 0,
      "created": null,
      "flags": 8,
      "gid": null,
      "header_offset": 0,
      "method": "Deflate",
      "mode": 438,
      "modified": "2019-07-11T07:45:04Z",
      "name": "should-be-jis/ot_運命のワルツﾈぞなぞ小さな楽しみ遊びま.longboi",
      "reader_version": {
        "host_system": "MsDos",
        "version": 20
      },
      "uid": null,
      "uncompressed_size": 0
    },
    {
      "accessed": null,
      "comment": "",
      "compressed_size": 0,
      "crc32": 0,
      "created": null,
      "flags": 8,
      "gid": null,
      "header_offset": 127,
      "method": "Store",
      "mode": 2147484159,
      "modified": "2019-07-11T07:45:04Z",
      "name": "should-be-jis/",
      "reader_version": {
        "host_system": "MsDos",
        "version": 20
      },
      "uid": null,
      "uncompressed_size": 0
    }
  ],
  "eocd": {
    "dir": {
      "inner": {
        "comment": [],
        "dir_disk_nbr": 0,
        "dir_records_this_disk": 2,
        "directory_offset": 196,
        "directory_records": 2,
        "directory_size": 186,
        "disk_nbr": 0
      },
      "offset": 382
    },
    "dir64": null,
    "global_offset": 0
  },
  "size": 404
}
